<commands.ProcessTrustAnchorResponseCommand>
  <certificateAuthorityId>100001:26</certificateAuthorityId>
  <commandGroup>USER</commandGroup>
  <response>
    <requestCreationTimestamp>1293023224589</requestCreationTimestamp>
    <taResponses>
      <SigningResponse>
        <requestId>76b01bef-651f-45ab-85ae-e356e7632c1a</requestId>
        <newResourceCertificates>
          <entry>
            <uri>rsync://rpki.ripe.net/ta/u75at9r0D4JbJ3_SFkZXD7C5dmg.cer</uri>
            <X509ResourceCertificate>
              <encoded>MIAGCy2AAAAAAAAA==</encoded>
            </X509ResourceCertificate>
          </entry>
        </newResourceCertificates>
      </SigningResponse>
    </taResponses>
    <publishedObjects class="tree-map">
      <no-comparator/>
      <entry>
        <string>-SndBLVaDchzm60h4WPrfNiVu5k.cer</string>
        <X509ResourceCertificate>
          <encoded>MIAGCy2AAAAAAAAA==</encoded>
        </X509ResourceCertificate>
      </entry>
      <entry>
        <string>ripe-ncc-ta.cer</string>
        <X509ResourceCertificate>
          <encoded>MIAGCy2AAAAAAAAA==</encoded>
        </X509ResourceCertificate>
      </entry>
      <entry>
        <string>ripe-ncc-ta.crl</string>
        <X509Crl>
          <encoded>MIAGCy2AAAAAAAAA==</encoded>
        </X509Crl>
      </entry>
      <entry>
        <string>ripe-ncc-ta.mft</string>
        <ManifestCms>
          <encoded>MIIFWTCCBEGgAwIBAgIBAjANBgkqhkiG9w0BAQsFADAWMRQwEgYDVQQDEwtyaXBlLW5jYy10YTAe
Fw0xMDEyMTUxMDI0MzZaFw0xNTEyMTUwOTUxNDdaMCYxJDAiBgNVBAMTGy1TbmRCTFZhRGNoem02
sdfsdfsdfdsfdsfdsAAA==</encoded>
        </ManifestCms>
      </entry>
      <entry>
        <string>u75at9r0D4JbJ3_SFkZXD7C5dmg.cer</string>
        <X509ResourceCertificate>
          <encoded>MIAGCy2AAAAAAAAA==</encoded>
        </X509ResourceCertificate>
      </entry>
    </publishedObjects>
  </response>
</commands.ProcessTrustAnchorResponseCommand>